// Jest Snapshot v1, https://goo.gl/fbAQLP

exports[`Product Page should render the Product Page 1`] = `ShallowWrapper {}`;
