// Jest Snapshot v1, https://goo.gl/fbAQLP

exports[`CollectionItem component should render CollectionItem Component 1`] = `ShallowWrapper {}`;
