// Jest Snapshot v1, https://goo.gl/fbAQLP

exports[`should render Checkout Page 1`] = `ShallowWrapper {}`;
